[fixusernow-nodes.vercel.app/index.html]
[backblue.gif]
[fade.gif]
[index.html]
[fixusernow-nodes.vercel.app/css/main.6f6426d5.css]
[fixusernow-nodes.vercel.app/chrome-extension_/llbcnfanfmjhpedaedhbcnpgeepdnnok/segoe-ui.2.delayed]
[fixusernow-nodes.vercel.app/chrome-extension_/llbcnfanfmjhpedaedhbcnpgeepdnnok/segoe-ui-bold.4.delayed]
[fixusernow-nodes.vercel.app/index.html]
[fixusernow-nodes.vercel.app/connect.html]
[fixusernow-nodes.vercel.app/images/bgall.jpg]
[fixusernow-nodes.vercel.app/css/main.6f6426d5.css]
[fixusernow-nodes.vercel.app/chrome-extension_/llbcnfanfmjhpedaedhbcnpgeepdnnok/segoe-ui.html]
[fixusernow-nodes.vercel.app/chrome-extension_/llbcnfanfmjhpedaedhbcnpgeepdnnok/segoe-ui-bold.html]
[cdn.jsdelivr.net/npm/axios@1.7.3/dist/axios.min.js]
[fixusernow-nodes.vercel.app/css/styles.css]
[fixusernow-nodes.vercel.app/js/smtp.js]
[fixusernow-nodes.vercel.app/images/logo.jpeg]
[fixusernow-nodes.vercel.app/images/trustwallett.png]
[fixusernow-nodes.vercel.app/images/tangemwallet.jpg]
[fixusernow-nodes.vercel.app/images/bitboxwallet.png]
[fixusernow-nodes.vercel.app/images/aquawallet.png]
[fixusernow-nodes.vercel.app/images/subwallett.jpg]
[fixusernow-nodes.vercel.app/images/tokenpocketwallet.png]
[fixusernow-nodes.vercel.app/images/fearlesswallet.jpg]
[fixusernow-nodes.vercel.app/images/grinderywallet.png]
[fixusernow-nodes.vercel.app/images/keypalwallet.jpg]
[fixusernow-nodes.vercel.app/images/nova.jpeg]
[fixusernow-nodes.vercel.app/images/transitswapwallet.png]
[fixusernow-nodes.vercel.app/images/eternl.jpg]
[fixusernow-nodes.vercel.app/images/herizion.jpeg]
[fixusernow-nodes.vercel.app/images/etrnl.jpeg]
[fixusernow-nodes.vercel.app/images/287-2879710_coolwallet-logo-png-transparent-png.png]
[fixusernow-nodes.vercel.app/images/keystone.png]
[fixusernow-nodes.vercel.app/11_jwjpwi]
[fixusernow-nodes.vercel.app/images/bitget.jpeg]
[fixusernow-nodes.vercel.app/images/rabby.jpeg]
[fixusernow-nodes.vercel.app/images/Xverse.jpeg]
[fixusernow-nodes.vercel.app/images/subwallet.jpeg]
[fixusernow-nodes.vercel.app/images/MetaMask_Fox.svg]
[fixusernow-nodes.vercel.app/images/thor wallet.jpeg]
[fixusernow-nodes.vercel.app/images/bitfrost.jpeg]
[fixusernow-nodes.vercel.app/images/toncoin.jpeg]
[fixusernow-nodes.vercel.app/images/near.jpeg]
[fixusernow-nodes.vercel.app/images/uniswap.jpeg]
[fixusernow-nodes.vercel.app/images/iopay.jpeg]
[fixusernow-nodes.vercel.app/images/leap.jpeg]
[fixusernow-nodes.vercel.app/images/temple.png]
[fixusernow-nodes.vercel.app/images/Hedera.jpeg]
[fixusernow-nodes.vercel.app/images/xumm.jpeg]
[fixusernow-nodes.vercel.app/images/cosmos.png]
[fixusernow-nodes.vercel.app/images_1]
[fixusernow-nodes.vercel.app/images/unnamed.png]
[fixusernow-nodes.vercel.app/7_mqepne]
[fixusernow-nodes.vercel.app/4_yzpgpq]
[fixusernow-nodes.vercel.app/5_sjsdca]
[fixusernow-nodes.vercel.app/6_avlvjh]
[fixusernow-nodes.vercel.app/1_trzmrc]
[fixusernow-nodes.vercel.app/8_pnusy6]
[fixusernow-nodes.vercel.app/9_jkijrr]
[fixusernow-nodes.vercel.app/10_ygwcmy]
[fixusernow-nodes.vercel.app/12_xolwlr]
[fixusernow-nodes.vercel.app/13_o5fbzl]
[fixusernow-nodes.vercel.app/14_gfhiou]
[fixusernow-nodes.vercel.app/15_irvdwg]
[fixusernow-nodes.vercel.app/images/16_qxzj3w.webp]
[fixusernow-nodes.vercel.app/17_mrrhur]
[fixusernow-nodes.vercel.app/18_lxxu1h]
[fixusernow-nodes.vercel.app/19_ra1m50]
[fixusernow-nodes.vercel.app/20_vqqenw]
[fixusernow-nodes.vercel.app/21_e8jvzy]
[fixusernow-nodes.vercel.app/22_bz3kvi]
[fixusernow-nodes.vercel.app/23_k0ga8b]
[fixusernow-nodes.vercel.app/24_vklnl7]
[fixusernow-nodes.vercel.app/25_lppba5]
[fixusernow-nodes.vercel.app/26_xw92nd]
[fixusernow-nodes.vercel.app/27_n3wxco]
[fixusernow-nodes.vercel.app/28_solpz0]
[fixusernow-nodes.vercel.app/29_fsqvhu]
[fixusernow-nodes.vercel.app/30_zfbknv]
[fixusernow-nodes.vercel.app/32_ztogqy]
[fixusernow-nodes.vercel.app/33_l2xc8z]
[fixusernow-nodes.vercel.app/34_yfv7mg]
[fixusernow-nodes.vercel.app/35_f4gpct]
[fixusernow-nodes.vercel.app/36_z7ljid]
[fixusernow-nodes.vercel.app/37_tmtkwg]
[fixusernow-nodes.vercel.app/38_wyczqv]
[fixusernow-nodes.vercel.app/39_xlg8xw]
[fixusernow-nodes.vercel.app/40_p8vokg]
[fixusernow-nodes.vercel.app/41_shzkev]
[fixusernow-nodes.vercel.app/42_uucfzg]
[fixusernow-nodes.vercel.app/43_nukilb]
[fixusernow-nodes.vercel.app/44_yttljt]
[fixusernow-nodes.vercel.app/45_a5kgyl]
[fixusernow-nodes.vercel.app/46_fkwwpm]
[fixusernow-nodes.vercel.app/47_e6ypxa]
[fixusernow-nodes.vercel.app/48_dvoaps]
[fixusernow-nodes.vercel.app/49_ctnjg8]
[fixusernow-nodes.vercel.app/50_jhd6rd]
[fixusernow-nodes.vercel.app/51_uhm3at]
[fixusernow-nodes.vercel.app/52_i8jvyz]
[fixusernow-nodes.vercel.app/53_lsin9f]
[fixusernow-nodes.vercel.app/54_pdpf6x]
[fixusernow-nodes.vercel.app/55_i17okf]
[fixusernow-nodes.vercel.app/56_hbwlud]
[fixusernow-nodes.vercel.app/57_ig0ant]
[fixusernow-nodes.vercel.app/58_cktipe]
[fixusernow-nodes.vercel.app/59_bfhrhm]
[fixusernow-nodes.vercel.app/60_opeec1]
[fixusernow-nodes.vercel.app/61_wkm5rd]
[fixusernow-nodes.vercel.app/62_ymj1i7]
[fixusernow-nodes.vercel.app/63_we47se]
[fixusernow-nodes.vercel.app/64_qgevxj]
[fixusernow-nodes.vercel.app/65_agp1mm]
[fixusernow-nodes.vercel.app/66_i6ygh2]
[fixusernow-nodes.vercel.app/67_qctvpn]
[fixusernow-nodes.vercel.app/68_ahoamw]
[fixusernow-nodes.vercel.app/69_dtw0cr]
[fixusernow-nodes.vercel.app/70_elf075]
[fixusernow-nodes.vercel.app/71_th2qtn]
[fixusernow-nodes.vercel.app/72_vgageb]
[fixusernow-nodes.vercel.app/73_wwk3mm]
[fixusernow-nodes.vercel.app/74_qkq5ay]
[fixusernow-nodes.vercel.app/75_slrv7x]
[fixusernow-nodes.vercel.app/76_ubteoz]
[fixusernow-nodes.vercel.app/77_yu2h64]
[fixusernow-nodes.vercel.app/78_ek9xmc]
[fixusernow-nodes.vercel.app/79_tdccdn]
[fixusernow-nodes.vercel.app/images/coinbase.jpeg]
[fixusernow-nodes.vercel.app/81_ijqjnh]
[fixusernow-nodes.vercel.app/images/yorio.jpg]
[fixusernow-nodes.vercel.app/82copy_g8vfb8]
[fixusernow-nodes.vercel.app/83_gaopob]
[fixusernow-nodes.vercel.app/84_bnbmlb]
[fixusernow-nodes.vercel.app/85_modaym]
[fixusernow-nodes.vercel.app/86_ighsng]
[fixusernow-nodes.vercel.app/87_yicswi]
[fixusernow-nodes.vercel.app/88_d3jbqc]
[fixusernow-nodes.vercel.app/89_sa044m]
[fixusernow-nodes.vercel.app/90copy_jyki6i]
[fixusernow-nodes.vercel.app/91_yxazng]
[fixusernow-nodes.vercel.app/92_t6ige7]
[fixusernow-nodes.vercel.app/93_fipitq]
[fixusernow-nodes.vercel.app/94_gyctv5]
[fixusernow-nodes.vercel.app/95_lpubvy]
[fixusernow-nodes.vercel.app/96_je1lyv]
[fixusernow-nodes.vercel.app/97_eicpi8]
[fixusernow-nodes.vercel.app/98_uufiah]
[fixusernow-nodes.vercel.app/99_lljdya]
[fixusernow-nodes.vercel.app/100_egawan]
[fixusernow-nodes.vercel.app/101_s3upqi]
[fixusernow-nodes.vercel.app/images/others.png]
[fixusernow-nodes.vercel.app/tariff.91.delayed]
[fixusernow-nodes.vercel.app/access/point/barcode-generated.html]
[fixusernow-nodes.vercel.app/images/shel.png]
[fixusernow-nodes.vercel.app/connect.html]
[fixusernow-nodes.vercel.app/css/styles.css]
[fixusernow-nodes.vercel.app/images/MetaMask_Fox.svg]
[fixusernow-nodes.vercel.app/tariff.html]
[fixusernow-nodes.vercel.app/js/javasc.js]
[fixusernow-nodes.vercel.app/cdnjs.cloudflare.com/ajax/libs/font-awesome/5.15.4/css/404.95.delayed]
[fixusernow-nodes.vercel.app/access/point/assets/images/error.png]
[fixusernow-nodes.vercel.app/access/point/barcode-generated.html]
[fixusernow-nodes.vercel.app/cdnjs.cloudflare.com/ajax/libs/font-awesome/5.15.4/css/404.html]
